// Jest Snapshot v1, https://goo.gl/fbAQLP

exports[`Button component Matches the snapshot 1`] = `
<div
  className="MuiContainer-root makeStyles-container-1 MuiContainer-maxWidthMd"
>
  <div
    className="dashboard"
  >
    <a
      className="dashboard__card"
      href="/sites"
      onClick={[Function]}
    >
      <div
        className="MuiPaper-root MuiPaper-elevation1 makeStyles-paper-2 MuiPaper-rounded"
      >
        <h4
          className="MuiTypography-root MuiTypography-h4"
        >
          Sites
        </h4>
      </div>
    </a>
    <a
      className="dashboard__card"
      href="/clients"
      onClick={[Function]}
    >
      <div
        className="MuiPaper-root MuiPaper-elevation1 makeStyles-paper-2 MuiPaper-rounded"
      >
        <h4
          className="MuiTypography-root MuiTypography-h4"
        >
          Clients
        </h4>
      </div>
    </a>
  </div>
</div>
`;
