// Jest Snapshot v1, https://goo.gl/fbAQLP

exports[`Matches the snapshot 1`] = `
<header
  className="MuiPaper-root MuiPaper-elevation4 MuiAppBar-root MuiAppBar-positionRelative makeStyles-menu-2 MuiAppBar-colorPrimary"
>
  <div
    className="MuiToolbar-root MuiToolbar-regular MuiToolbar-gutters"
  >
    <button
      aria-label="menu"
      className="MuiButtonBase-root MuiIconButton-root MuiIconButton-colorInherit MuiIconButton-edgeStart"
      disabled={false}
      onBlur={[Function]}
      onClick={[Function]}
      onDragLeave={[Function]}
      onFocus={[Function]}
      onKeyDown={[Function]}
      onKeyUp={[Function]}
      onMouseDown={[Function]}
      onMouseLeave={[Function]}
      onMouseUp={[Function]}
      onTouchEnd={[Function]}
      onTouchMove={[Function]}
      onTouchStart={[Function]}
      tabIndex={0}
      type="button"
    >
      <span
        className="MuiIconButton-label"
      >
        <svg
          aria-hidden="true"
          className="MuiSvgIcon-root"
          focusable="false"
          role="presentation"
          viewBox="0 0 24 24"
        >
          <path
            d="M3 18h18v-2H3v2zm0-5h18v-2H3v2zm0-7v2h18V6H3z"
          />
        </svg>
      </span>
    </button>
    <h6
      className="MuiTypography-root MuiTypography-h6"
    >
      <a
        className="home-link"
        href="/"
        onClick={[Function]}
      >
        Scheduling
      </a>
    </h6>
  </div>
</header>
`;
